../Drivers/BSP/Refrance_drv/MX25L_QSPI_Flash.c:31:9:BSP_QSPI_Init	24	static,ignoring_inline_asm
../Drivers/BSP/Refrance_drv/MX25L_QSPI_Flash.c:82:9:BSP_QSPI_DeInit	8	static
../Drivers/BSP/Refrance_drv/MX25L_QSPI_Flash.c:105:9:BSP_QSPI_ReadID	80	static
../Drivers/BSP/Refrance_drv/MX25L_QSPI_Flash.c:145:9:BSP_QSPI_Read	88	static
../Drivers/BSP/Refrance_drv/MX25L_QSPI_Flash.c:186:9:BSP_QSPI_Write	96	static
../Drivers/BSP/Refrance_drv/MX25L_QSPI_Flash.c:257:9:BSP_QSPI_Erase_Sector	72	static
../Drivers/BSP/Refrance_drv/MX25L_QSPI_Flash.c:299:9:BSP_QSPI_Erase_Block	72	static
../Drivers/BSP/Refrance_drv/MX25L_QSPI_Flash.c:339:9:BSP_QSPI_Erase_Chip	64	static
../Drivers/BSP/Refrance_drv/MX25L_QSPI_Flash.c:376:9:BSP_QSPI_GetStatus	72	static
../Drivers/BSP/Refrance_drv/MX25L_QSPI_Flash.c:417:9:BSP_QSPI_GetInfo	16	static
../Drivers/BSP/Refrance_drv/MX25L_QSPI_Flash.c:432:9:BSP_QSPI_EnableMemoryMappedMode	72	static
../Drivers/BSP/Refrance_drv/MX25L_QSPI_Flash.c:518:13:BSP_QSPI_MspDeInit	16	static
../Drivers/BSP/Refrance_drv/MX25L_QSPI_Flash.c:545:16:QSPI_ResetMemory	104	static
../Drivers/BSP/Refrance_drv/MX25L_QSPI_Flash.c:706:16:QSPI_EnterFourBytesAddress	72	static
../Drivers/BSP/Refrance_drv/MX25L_QSPI_Flash.c:745:16:QSPI_DummyCyclesCfg	88	static,ignoring_inline_asm
../Drivers/BSP/Refrance_drv/MX25L_QSPI_Flash.c:841:16:QSPI_EnterMemory_QPI	96	static
../Drivers/BSP/Refrance_drv/MX25L_QSPI_Flash.c:888:16:QSPI_ExitMemory_QPI	72	static
../Drivers/BSP/Refrance_drv/MX25L_QSPI_Flash.c:1011:16:QSPI_WriteEnable	104	static
../Drivers/BSP/Refrance_drv/MX25L_QSPI_Flash.c:1057:16:QSPI_AutoPollingMemReady	96	static
../Drivers/BSP/Refrance_drv/MX25L_QSPI_Flash.c:1091:9:waitForFlashbusy	16	static
