../Drivers/BSP/COMPONENT/bme280/BME280_STM32.c:50:6:TrimRead	56	static
../Drivers/BSP/COMPONENT/bme280/BME280_STM32.c:99:5:BME280_Config	48	static
../Drivers/BSP/COMPONENT/bme280/BME280_STM32.c:163:5:BMEReadRaw	32	static
../Drivers/BSP/COMPONENT/bme280/BME280_STM32.c:216:6:BME280_WakeUP	32	static
../Drivers/BSP/COMPONENT/bme280/BME280_STM32.c:238:9:BME280_compensate_T_int32	32	static
../Drivers/BSP/COMPONENT/bme280/BME280_STM32.c:253:10:BME280_compensate_P_int64	328	static
../Drivers/BSP/COMPONENT/bme280/BME280_STM32.c:309:10:bme280_compensate_H_int32	24	static
../Drivers/BSP/COMPONENT/bme280/BME280_STM32.c:330:6:BME280_Measure	8	static
../Drivers/BSP/COMPONENT/bme280/BME280_STM32.c:367:9:Who_am_i	24	static
