../Drivers/BSP/COMPONENT/BME680/bme680.c:282:8:bme680_init	24	static
../Drivers/BSP/COMPONENT/BME680/bme680.c:310:8:bme680_get_regs	40	static
../Drivers/BSP/COMPONENT/BME680/bme680.c:335:8:bme680_set_regs	80	static
../Drivers/BSP/COMPONENT/BME680/bme680.c:374:8:bme680_soft_reset	24	static
../Drivers/BSP/COMPONENT/BME680/bme680.c:408:8:bme680_set_sensor_settings	40	static
../Drivers/BSP/COMPONENT/BME680/bme680.c:532:8:bme680_get_sensor_settings	24	static
../Drivers/BSP/COMPONENT/BME680/bme680.c:584:8:bme680_set_sensor_mode	24	static
../Drivers/BSP/COMPONENT/BME680/bme680.c:623:8:bme680_get_sensor_mode	24	static
../Drivers/BSP/COMPONENT/BME680/bme680.c:642:6:bme680_set_profile_dur	32	static
../Drivers/BSP/COMPONENT/BME680/bme680.c:667:6:bme680_get_profile_dur	32	static
../Drivers/BSP/COMPONENT/BME680/bme680.c:700:8:bme680_get_sensor_data	24	static
../Drivers/BSP/COMPONENT/BME680/bme680.c:723:15:get_calib_data	64	static
../Drivers/BSP/COMPONENT/BME680/bme680.c:802:15:set_gas_config	24	static
../Drivers/BSP/COMPONENT/BME680/bme680.c:834:15:get_gas_config	24	static
../Drivers/BSP/COMPONENT/BME680/bme680.c:871:16:calc_temperature	96	static
../Drivers/BSP/COMPONENT/BME680/bme680.c:891:17:calc_pressure	32	static
../Drivers/BSP/COMPONENT/BME680/bme680.c:932:17:calc_humidity	48	static
../Drivers/BSP/COMPONENT/BME680/bme680.c:968:17:calc_gas_resistance	272	static
../Drivers/BSP/COMPONENT/BME680/bme680.c:997:16:calc_heater_res	48	static
../Drivers/BSP/COMPONENT/BME680/bme680.c:1183:16:calc_heater_dur	24	static
../Drivers/BSP/COMPONENT/BME680/bme680.c:1204:15:read_field_data	48	static
../Drivers/BSP/COMPONENT/BME680/bme680.c:1260:15:set_mem_page	32	static
../Drivers/BSP/COMPONENT/BME680/bme680.c:1299:15:get_mem_page	32	static
../Drivers/BSP/COMPONENT/BME680/bme680.c:1321:15:boundary_check	32	static
../Drivers/BSP/COMPONENT/BME680/bme680.c:1349:15:null_ptr_check	24	static
../Drivers/BSP/COMPONENT/BME680/bme680.c:1366:8:user_i2c_read	24	static
../Drivers/BSP/COMPONENT/BME680/bme680.c:1393:8:user_i2c_write	24	static
