../Core/Src/main.c:97:5:main	16	static
../Core/Src/main.c:171:6:SystemClock_Config	96	static
../Core/Src/main.c:222:13:MX_I2C1_Init	8	static
../Core/Src/main.c:270:13:MX_RTC_Init	80	static
../Core/Src/main.c:353:13:MX_USART2_UART_Init	8	static
../Core/Src/main.c:388:13:MX_GPIO_Init	40	static
../Core/Src/main.c:415:6:I2C_Scan	16	static
../Core/Src/main.c:434:6:HAL_RTC_AlarmAEventCallback	48	static
../Core/Src/main.c:451:6:HAL_GPIO_EXTI_Callback	48	static
../Core/Src/main.c:474:6:Error_Handler	4	static,ignoring_inline_asm
