17:52:45 **** Incremental Build of configuration Debug for project 10.3_PWR_STANDBY_MODE ****
make -j12 all 
arm-none-eabi-gcc "../Core/Src/main.c" -mcpu=cortex-m4 -std=gnu11 -g3 -DDEBUG -DUSE_HAL_DRIVER -DSTM32L476xx -c -I../Core/Inc -I../Drivers/STM32L4xx_HAL_Driver/Inc -I../Drivers/STM32L4xx_HAL_Driver/Inc/Legacy -I../Drivers/CMSIS/Device/ST/STM32L4xx/Include -I../Drivers/CMSIS/Include -O0 -ffunction-sections -fdata-sections -Wall -fstack-usage -fcyclomatic-complexity -MMD -MP -MF"Core/Src/main.d" -MT"Core/Src/main.o" --specs=nano.specs -mfpu=fpv4-sp-d16 -mfloat-abi=hard -mthumb -o "Core/Src/main.o"
arm-none-eabi-gcc -o "10.3_PWR_STANDBY_MODE.elf" @"objects.list"   -mcpu=cortex-m4 -T"D:\STM32\WorkSpace\10.3_PWR_STANDBY_MODE\STM32L476RGTX_FLASH.ld" --specs=nosys.specs -Wl,-Map="10.3_PWR_STANDBY_MODE.map" -Wl,--gc-sections -static --specs=nano.specs -mfpu=fpv4-sp-d16 -mfloat-abi=hard -mthumb -Wl,--start-group -lc -lm -Wl,--end-group
Finished building target: 10.3_PWR_STANDBY_MODE.elf
 
arm-none-eabi-size  10.3_PWR_STANDBY_MODE.elf 
arm-none-eabi-objdump -h -S 10.3_PWR_STANDBY_MODE.elf  > "10.3_PWR_STANDBY_MODE.list"
   text	   data	    bss	    dec	    hex	filename
  14588	     12	   1740	  16340	   3fd4	10.3_PWR_STANDBY_MODE.elf
Finished building: default.size.stdout
 
Finished building: 10.3_PWR_STANDBY_MODE.list
 

17:52:49 Build Finished. 0 errors, 0 warnings. (took 3s.506ms)

