14:00:35 **** Incremental Build of configuration Debug for project 11.1_USB_HID_MOUSE ****
make -j12 all 
arm-none-eabi-gcc "../Core/Src/main.c" -mcpu=cortex-m0plus -std=gnu11 -g3 -DDEBUG -DUSE_HAL_DRIVER -DSTM32L053xx -c -I../Core/Inc -I../Drivers/STM32L0xx_HAL_Driver/Inc -I../Drivers/STM32L0xx_HAL_Driver/Inc/Legacy -I../Drivers/CMSIS/Device/ST/STM32L0xx/Include -I../Drivers/CMSIS/Include -I../USB_DEVICE/App -I../USB_DEVICE/Target -I../Middlewares/ST/STM32_USB_Device_Library/Core/Inc -I../Middlewares/ST/STM32_USB_Device_Library/Class/HID/Inc -O0 -ffunction-sections -fdata-sections -Wall -fstack-usage -fcyclomatic-complexity -MMD -MP -MF"Core/Src/main.d" -MT"Core/Src/main.o" --specs=nano.specs -mfloat-abi=soft -mthumb -o "Core/Src/main.o"
arm-none-eabi-gcc -o "11.1_USB_HID_MOUSE.elf" @"objects.list"   -mcpu=cortex-m0plus -T"D:\STM32\WorkSpace\11.1_USB_HID_MOUSE\STM32L053C8TX_FLASH.ld" --specs=nosys.specs -Wl,-Map="11.1_USB_HID_MOUSE.map" -Wl,--gc-sections -static --specs=nano.specs -mfloat-abi=soft -mthumb -Wl,--start-group -lc -lm -Wl,--end-group
Finished building target: 11.1_USB_HID_MOUSE.elf
 
arm-none-eabi-size  11.1_USB_HID_MOUSE.elf 
arm-none-eabi-objdump -h -S 11.1_USB_HID_MOUSE.elf  > "11.1_USB_HID_MOUSE.list"
   text	   data	    bss	    dec	    hex	filename
  31512	    356	   3572	  35440	   8a70	11.1_USB_HID_MOUSE.elf
Finished building: default.size.stdout
 
Finished building: 11.1_USB_HID_MOUSE.list
 

14:00:36 Build Finished. 0 errors, 0 warnings. (took 1s.22ms)

