16:31:43 **** Incremental Build of configuration Debug for project 11.3_USB_HID_KEYPAD ****
make -j12 all 
arm-none-eabi-gcc "../Core/Src/main.c" -mcpu=cortex-m0plus -std=gnu11 -g3 -DDEBUG -DUSE_HAL_DRIVER -DSTM32L053xx -c -I../Core/Inc -I../Drivers/STM32L0xx_HAL_Driver/Inc -I../Drivers/STM32L0xx_HAL_Driver/Inc/Legacy -I../Drivers/CMSIS/Device/ST/STM32L0xx/Include -I../Drivers/CMSIS/Include -O0 -ffunction-sections -fdata-sections -Wall -fstack-usage -fcyclomatic-complexity -MMD -MP -MF"Core/Src/main.d" -MT"Core/Src/main.o" --specs=nano.specs -mfloat-abi=soft -mthumb -o "Core/Src/main.o"
arm-none-eabi-gcc -o "11.3_USB_HID_KEYPAD.elf" @"objects.list"   -mcpu=cortex-m0plus -T"D:\STM32\WorkSpace\11.3_USB_HID_KEYPAD\STM32L053C8TX_FLASH.ld" --specs=nosys.specs -Wl,-Map="11.3_USB_HID_KEYPAD.map" -Wl,--gc-sections -static --specs=nano.specs -mfloat-abi=soft -mthumb -Wl,--start-group -lc -lm -Wl,--end-group
Finished building target: 11.3_USB_HID_KEYPAD.elf
 
arm-none-eabi-size  11.3_USB_HID_KEYPAD.elf 
arm-none-eabi-objdump -h -S 11.3_USB_HID_KEYPAD.elf  > "11.3_USB_HID_KEYPAD.list"
   text	   data	    bss	    dec	    hex	filename
  16048	    104	   2072	  18224	   4730	11.3_USB_HID_KEYPAD.elf
Finished building: default.size.stdout
 
Finished building: 11.3_USB_HID_KEYPAD.list
 

16:31:44 Build Finished. 0 errors, 0 warnings. (took 886ms)

