12:01:41 **** Incremental Build of configuration Debug for project 4_USART ****
make -j12 all 
arm-none-eabi-gcc "../Core/Src/main.c" -mcpu=cortex-m4 -std=gnu11 -g3 -DDEBUG -DUSE_HAL_DRIVER -DSTM32L476xx -c -I../Core/Inc -I../Drivers/STM32L4xx_HAL_Driver/Inc -I../Drivers/STM32L4xx_HAL_Driver/Inc/Legacy -I../Drivers/CMSIS/Device/ST/STM32L4xx/Include -I../Drivers/CMSIS/Include -O0 -ffunction-sections -fdata-sections -Wall -fstack-usage -fcyclomatic-complexity -MMD -MP -MF"Core/Src/main.d" -MT"Core/Src/main.o" --specs=nano.specs -mfpu=fpv4-sp-d16 -mfloat-abi=hard -mthumb -o "Core/Src/main.o"
arm-none-eabi-gcc -o "4_USART.elf" @"objects.list"   -mcpu=cortex-m4 -T"D:\STM32\WorkSpace\4_USART\STM32L476RGTX_FLASH.ld" --specs=nosys.specs -Wl,-Map="4_USART.map" -Wl,--gc-sections -static --specs=nano.specs -mfpu=fpv4-sp-d16 -mfloat-abi=hard -mthumb -Wl,--start-group -lc -lm -Wl,--end-group
Finished building target: 4_USART.elf
 
arm-none-eabi-size  4_USART.elf 
arm-none-eabi-objdump -h -S 4_USART.elf  > "4_USART.list"
   text	   data	    bss	    dec	    hex	filename
  12932	     12	   1716	  14660	   3944	4_USART.elf
Finished building: default.size.stdout
 
Finished building: 4_USART.list
 

12:01:42 Build Finished. 0 errors, 0 warnings. (took 1s.358ms)

