13:58:11 **** Incremental Build of configuration Debug for project 8.2_ADC_Interrupt ****
make -j12 all 
arm-none-eabi-gcc "../Core/Src/main.c" -mcpu=cortex-m4 -std=gnu11 -g3 -DDEBUG -DUSE_HAL_DRIVER -DSTM32L476xx -c -I../Core/Inc -I../Drivers/STM32L4xx_HAL_Driver/Inc -I../Drivers/STM32L4xx_HAL_Driver/Inc/Legacy -I../Drivers/CMSIS/Device/ST/STM32L4xx/Include -I../Drivers/CMSIS/Include -O0 -ffunction-sections -fdata-sections -Wall -fstack-usage -fcyclomatic-complexity -MMD -MP -MF"Core/Src/main.d" -MT"Core/Src/main.o" --specs=nano.specs -mfpu=fpv4-sp-d16 -mfloat-abi=hard -mthumb -o "Core/Src/main.o"
arm-none-eabi-gcc -o "8.2_ADC_Interrupt.elf" @"objects.list"   -mcpu=cortex-m4 -T"D:\STM32\WorkSpace\8.2_ADC_Interrupt\STM32L476RGTX_FLASH.ld" --specs=nosys.specs -Wl,-Map="8.2_ADC_Interrupt.map" -Wl,--gc-sections -static --specs=nano.specs -mfpu=fpv4-sp-d16 -mfloat-abi=hard -mthumb -Wl,--start-group -lc -lm -Wl,--end-group
Finished building target: 8.2_ADC_Interrupt.elf
 
arm-none-eabi-size  8.2_ADC_Interrupt.elf 
arm-none-eabi-objdump -h -S 8.2_ADC_Interrupt.elf  > "8.2_ADC_Interrupt.list"
   text	   data	    bss	    dec	    hex	filename
  21956	     92	   2172	  24220	   5e9c	8.2_ADC_Interrupt.elf
Finished building: default.size.stdout
 
Finished building: 8.2_ADC_Interrupt.list
 

13:58:12 Build Finished. 0 errors, 0 warnings. (took 1s.172ms)

