10:15:28 **** Incremental Build of configuration Debug for project 9.2_TIM_PWM ****
make -j12 all 
arm-none-eabi-size  9.2_TIM_PWM.elf 
   text	   data	    bss	    dec	    hex	filename
  10768	     12	   1724	  12504	   30d8	9.2_TIM_PWM.elf
Finished building: default.size.stdout
 
10:15:39 **** Incremental Build of configuration Debug for project 9.2_TIM_PWM ****
make -j12 all 
arm-none-eabi-size  9.2_TIM_PWM.elf 
   text	   data	    bss	    dec	    hex	filename
  10768	     12	   1724	  12504	   30d8	9.2_TIM_PWM.elf
Finished building: default.size.stdout
 
