10:01:28 **** Incremental Build of configuration Debug for project UART_Ring_buffer ****
make -j12 all 
arm-none-eabi-gcc "../Core/Src/main.c" -mcpu=cortex-m4 -std=gnu11 -g3 -DDEBUG -DUSE_HAL_DRIVER -DSTM32L496xx -c -I../Core/Inc -I../Drivers/STM32L4xx_HAL_Driver/Inc -I../Drivers/STM32L4xx_HAL_Driver/Inc/Legacy -I../Drivers/CMSIS/Device/ST/STM32L4xx/Include -I../Drivers/CMSIS/Include -O0 -ffunction-sections -fdata-sections -Wall -fstack-usage -fcyclomatic-complexity -MMD -MP -MF"Core/Src/main.d" -MT"Core/Src/main.o" --specs=nano.specs -mfpu=fpv4-sp-d16 -mfloat-abi=hard -mthumb -o "Core/Src/main.o"
arm-none-eabi-gcc -o "UART_Ring_buffer.elf" @"objects.list"   -mcpu=cortex-m4 -T"D:\STM32\WorkSpace\UART_Ring_buffer\STM32L496ZGTXP_FLASH.ld" --specs=nosys.specs -Wl,-Map="UART_Ring_buffer.map" -Wl,--gc-sections -static --specs=nano.specs -mfpu=fpv4-sp-d16 -mfloat-abi=hard -mthumb -Wl,--start-group -lc -lm -Wl,--end-group
Finished building target: UART_Ring_buffer.elf
 
arm-none-eabi-size  UART_Ring_buffer.elf 
arm-none-eabi-objdump -h -S UART_Ring_buffer.elf  > "UART_Ring_buffer.list"
   text	   data	    bss	    dec	    hex	filename
  18396	    104	   3216	  21716	   54d4	UART_Ring_buffer.elf
Finished building: default.size.stdout
 
Finished building: UART_Ring_buffer.list
 

10:01:29 Build Finished. 0 errors, 0 warnings. (took 939ms)

